[0m00:25:40.464287 [debug] [MainThread]: Sending event: {'category': 'dbt', 'action': 'invocation', 'label': 'start', 'context': [<snowplow_tracker.self_describing_json.SelfDescribingJson object at 0x000002D7F0AB6960>, <snowplow_tracker.self_describing_json.SelfDescribingJson object at 0x000002D7F1CD2330>, <snowplow_tracker.self_describing_json.SelfDescribingJson object at 0x000002D7F3F75FA0>]}


============================== 00:25:40.504861 | 5e623d0f-9817-4fda-ad13-648f8b818682 ==============================
[0m00:25:40.504861 [info ] [MainThread]: Running with dbt=1.12.2
[0m00:25:40.505405 [debug] [MainThread]: running dbt with arguments {'maximum_seed_size_mib': '1', 'no_print': 'None', 'static_parser': 'True', 'warn_error_options': 'WarnErrorOptionsV2(error=[], warn=[], silence=[])', 'target_path': 'None', 'version_check': 'True', 'printer_width': '80', 'write_json': 'True', 'empty': 'None', 'log_cache_events': 'False', 'introspect': 'True', 'cache_selected_only': 'False', 'log_format': 'default', 'debug': 'False', 'fail_fast': 'False', 'profiles_dir': "C:\\Users\\Santosh G's\\.dbt", 'send_anonymous_usage_stats': 'True', 'quiet': 'False', 'warn_error': 'None', 'partial_parse': 'True', 'indirect_selection': 'eager', 'hints_enabled': 'True', 'invocation_command': 'dbt debug', 'use_experimental_parser': 'False', 'use_colors': 'True', 'log_path': 'logs'}
[0m00:25:40.689587 [info ] [MainThread]: dbt version: 1.12.2
[0m00:25:40.690179 [info ] [MainThread]: python version: 3.12.10
[0m00:25:40.691270 [info ] [MainThread]: python path: E:\Data Engineering\retail_erp_dbt\retail_erp_project\dbt\Scripts\python.exe
[0m00:25:40.691270 [info ] [MainThread]: os info: Windows-11-10.0.26200-SP0
[0m00:25:40.698052 [info ] [MainThread]: Error importing adapter: No module named 'dbt.adapters.databricks'
[0m00:25:40.796643 [info ] [MainThread]: Using profiles dir at C:\Users\Santosh G's\.dbt
[0m00:25:40.797035 [info ] [MainThread]: Using profiles.yml file at C:\Users\Santosh G's\.dbt\profiles.yml
[0m00:25:40.797592 [info ] [MainThread]: Using dbt_project.yml file at E:\Data Engineering\retail_erp_dbt\retail_erp_project\ingestion\dbt_project.yml
[0m00:25:40.798218 [info ] [MainThread]: Configuration:
[0m00:25:40.798746 [info ] [MainThread]:   profiles.yml file [[31mERROR invalid[0m]
[0m00:25:40.798746 [info ] [MainThread]:   dbt_project.yml file [[31mERROR not found[0m]
[0m00:25:40.798746 [info ] [MainThread]: Required dependencies:
[0m00:25:40.799752 [debug] [MainThread]: Executing "git --help"
[0m00:25:40.843038 [debug] [MainThread]: STDOUT: "b"usage: git [-v | --version] [-h | --help] [-C <path>] [-c <name>=<value>]\n           [--exec-path[=<path>]] [--html-path] [--man-path] [--info-path]\n           [-p | --paginate | -P | --no-pager] [--no-replace-objects] [--no-lazy-fetch]\n           [--no-optional-locks] [--no-advice] [--bare] [--git-dir=<path>]\n           [--work-tree=<path>] [--namespace=<name>] [--config-env=<name>=<envvar>]\n           <command> [<args>]\n\nThese are common Git commands used in various situations:\n\nstart a working area (see also: git help tutorial)\n   clone      Clone a repository into a new directory\n   init       Create an empty Git repository or reinitialize an existing one\n\nwork on the current change (see also: git help everyday)\n   add        Add file contents to the index\n   mv         Move or rename a file, a directory, or a symlink\n   restore    Restore working tree files\n   rm         Remove files from the working tree and from the index\n\nexamine the history and state (see also: git help revisions)\n   bisect     Use binary search to find the commit that introduced a bug\n   diff       Show changes between commits, commit and working tree, etc\n   grep       Print lines matching a pattern\n   log        Show commit logs\n   show       Show various types of objects\n   status     Show the working tree status\n\ngrow, mark and tweak your common history\n   backfill   Download missing objects in a partial clone\n   branch     List, create, or delete branches\n   commit     Record changes to the repository\n   merge      Join two or more development histories together\n   rebase     Reapply commits on top of another base tip\n   reset      Reset current HEAD to the specified state\n   switch     Switch branches\n   tag        Create, list, delete or verify a tag object signed with GPG\n\ncollaborate (see also: git help workflows)\n   fetch      Download objects and refs from another repository\n   pull       Fetch from and integrate with another repository or a local branch\n   push       Update remote refs along with associated objects\n\n'git help -a' and 'git help -g' list available subcommands and some\nconcept guides. See 'git help <command>' or 'git help <concept>'\nto read about a specific subcommand or concept.\nSee 'git help git' for an overview of the system.\n""
[0m00:25:40.843672 [debug] [MainThread]: STDERR: "b''"
[0m00:25:40.843672 [info ] [MainThread]:  - git [[32mOK found[0m]

[0m00:25:40.844303 [info ] [MainThread]: Connection test skipped since no profile was found
[0m00:25:40.844835 [info ] [MainThread]: [31m2 checks failed:[0m
[0m00:25:40.845359 [info ] [MainThread]: Could not load dbt_project.yml
Profile loading failed for the following reason:
Runtime Error
  Credentials in profile "sanos_dbt", target "dev" invalid: Runtime Error
    Could not find adapter type databricks!


[0m00:25:40.845872 [info ] [MainThread]: Project loading failed for the following reason:
 project path <E:\Data Engineering\retail_erp_dbt\retail_erp_project\ingestion\dbt_project.yml> not found

[0m00:25:40.845872 [debug] [MainThread]: Command `dbt debug` failed at 00:25:40.845872 after 0.60 seconds
[0m00:25:40.846879 [debug] [MainThread]: Sending event: {'category': 'dbt', 'action': 'invocation', 'label': 'end', 'context': [<snowplow_tracker.self_describing_json.SelfDescribingJson object at 0x000002D7F3AF1A00>, <snowplow_tracker.self_describing_json.SelfDescribingJson object at 0x000002D7F3FC45C0>, <snowplow_tracker.self_describing_json.SelfDescribingJson object at 0x000002D7F3FC4110>]}
[0m00:25:40.846879 [debug] [MainThread]: Flushing usage events
[0m00:25:42.237634 [debug] [MainThread]: An error was encountered while trying to flush usage events
