[0m00:37:28.792283 [debug] [MainThread]: Sending event: {'category': 'dbt', 'action': 'invocation', 'label': 'start', 'context': [<snowplow_tracker.self_describing_json.SelfDescribingJson object at 0x0000019011791BB0>, <snowplow_tracker.self_describing_json.SelfDescribingJson object at 0x0000019011CD5A00>, <snowplow_tracker.self_describing_json.SelfDescribingJson object at 0x00000190138F4B90>]}


============================== 00:37:28.796851 | 62be366a-553f-483f-87ef-010ea7d8a164 ==============================
[0m00:37:28.796851 [info ] [MainThread]: Running with dbt=1.12.2
[0m00:37:28.798357 [debug] [MainThread]: running dbt with arguments {'static_parser': 'True', 'no_print': 'None', 'version_check': 'True', 'warn_error_options': 'WarnErrorOptionsV2(error=[], warn=[], silence=[])', 'target_path': 'None', 'maximum_seed_size_mib': '1', 'printer_width': '80', 'write_json': 'True', 'introspect': 'True', 'log_cache_events': 'False', 'empty': 'None', 'cache_selected_only': 'False', 'fail_fast': 'False', 'debug': 'False', 'log_format': 'default', 'partial_parse': 'True', 'send_anonymous_usage_stats': 'True', 'quiet': 'False', 'warn_error': 'None', 'profiles_dir': "C:\\Users\\Santosh G's\\.dbt", 'indirect_selection': 'eager', 'hints_enabled': 'True', 'use_colors': 'True', 'use_experimental_parser': 'False', 'invocation_command': 'dbt init retail_erp', 'log_path': 'logs'}
[0m00:37:28.974830 [debug] [MainThread]: Starter project path: E:\Data Engineering\retail_erp_dbt\retail_erp_project\dbt\Lib\site-packages\dbt\include\starter_project
[0m00:37:29.095568 [info ] [MainThread]: Setting up your profile.
[0m00:38:59.344815 [info ] [MainThread]: Profile retail_erp written to C:\Users\Santosh G's\.dbt\profiles.yml using target's profile_template.yml and your supplied values.
[0m00:38:59.348965 [info ] [MainThread]: Running dbt debug to validate the project...
[0m00:38:59.349964 [info ] [MainThread]: dbt version: 1.12.2
[0m00:38:59.350965 [info ] [MainThread]: python version: 3.12.10
[0m00:38:59.350965 [info ] [MainThread]: python path: E:\Data Engineering\retail_erp_dbt\retail_erp_project\dbt\Scripts\python.exe
[0m00:38:59.351967 [info ] [MainThread]: os info: Windows-11-10.0.26200-SP0
[0m00:38:59.402779 [info ] [MainThread]: Using profiles dir at C:\Users\Santosh G's\.dbt
[0m00:38:59.402779 [info ] [MainThread]: Using profiles.yml file at C:\Users\Santosh G's\.dbt\profiles.yml
[0m00:38:59.403887 [info ] [MainThread]: Using dbt_project.yml file at E:\Data Engineering\retail_erp_dbt\retail_erp_project\dbt\retail_erp\dbt_project.yml
[0m00:38:59.404831 [info ] [MainThread]: adapter type: postgres
[0m00:38:59.404831 [info ] [MainThread]: adapter version: 1.11.0
[0m00:38:59.508959 [info ] [MainThread]: Configuration:
[0m00:38:59.509972 [info ] [MainThread]:   profiles.yml file [[32mOK found and valid[0m]
[0m00:38:59.509972 [info ] [MainThread]:   dbt_project.yml file [[32mOK found and valid[0m]
[0m00:38:59.510971 [info ] [MainThread]: Required dependencies:
[0m00:38:59.510971 [debug] [MainThread]: Executing "git --help"
[0m00:38:59.557005 [debug] [MainThread]: STDOUT: "b"usage: git [-v | --version] [-h | --help] [-C <path>] [-c <name>=<value>]\n           [--exec-path[=<path>]] [--html-path] [--man-path] [--info-path]\n           [-p | --paginate | -P | --no-pager] [--no-replace-objects] [--no-lazy-fetch]\n           [--no-optional-locks] [--no-advice] [--bare] [--git-dir=<path>]\n           [--work-tree=<path>] [--namespace=<name>] [--config-env=<name>=<envvar>]\n           <command> [<args>]\n\nThese are common Git commands used in various situations:\n\nstart a working area (see also: git help tutorial)\n   clone      Clone a repository into a new directory\n   init       Create an empty Git repository or reinitialize an existing one\n\nwork on the current change (see also: git help everyday)\n   add        Add file contents to the index\n   mv         Move or rename a file, a directory, or a symlink\n   restore    Restore working tree files\n   rm         Remove files from the working tree and from the index\n\nexamine the history and state (see also: git help revisions)\n   bisect     Use binary search to find the commit that introduced a bug\n   diff       Show changes between commits, commit and working tree, etc\n   grep       Print lines matching a pattern\n   log        Show commit logs\n   show       Show various types of objects\n   status     Show the working tree status\n\ngrow, mark and tweak your common history\n   backfill   Download missing objects in a partial clone\n   branch     List, create, or delete branches\n   commit     Record changes to the repository\n   merge      Join two or more development histories together\n   rebase     Reapply commits on top of another base tip\n   reset      Reset current HEAD to the specified state\n   switch     Switch branches\n   tag        Create, list, delete or verify a tag object signed with GPG\n\ncollaborate (see also: git help workflows)\n   fetch      Download objects and refs from another repository\n   pull       Fetch from and integrate with another repository or a local branch\n   push       Update remote refs along with associated objects\n\n'git help -a' and 'git help -g' list available subcommands and some\nconcept guides. See 'git help <command>' or 'git help <concept>'\nto read about a specific subcommand or concept.\nSee 'git help git' for an overview of the system.\n""
[0m00:38:59.557005 [debug] [MainThread]: STDERR: "b''"
[0m00:38:59.558012 [info ] [MainThread]:  - git [[32mOK found[0m]

[0m00:38:59.558012 [info ] [MainThread]: Connection:
[0m00:38:59.558012 [info ] [MainThread]:   host: localhost
[0m00:38:59.559012 [info ] [MainThread]:   port: 5432
[0m00:38:59.559012 [info ] [MainThread]:   user: postgres
[0m00:38:59.559012 [info ] [MainThread]:   database: retail_erp_dw
[0m00:38:59.560011 [info ] [MainThread]:   schema: dbt_dev
[0m00:38:59.560559 [info ] [MainThread]:   connect_timeout: 10
[0m00:38:59.560559 [info ] [MainThread]:   role: None
[0m00:38:59.560559 [info ] [MainThread]:   search_path: None
[0m00:38:59.560559 [info ] [MainThread]:   keepalives_idle: 0
[0m00:38:59.561938 [info ] [MainThread]:   sslmode: None
[0m00:38:59.561938 [info ] [MainThread]:   sslcert: None
[0m00:38:59.561938 [info ] [MainThread]:   sslkey: None
[0m00:38:59.562943 [info ] [MainThread]:   sslrootcert: None
[0m00:38:59.562943 [info ] [MainThread]:   application_name: dbt
[0m00:38:59.562943 [info ] [MainThread]:   autocommit: False
[0m00:38:59.563945 [info ] [MainThread]:   retries: 1
[0m00:38:59.563945 [info ] [MainThread]: Registered adapter: postgres=1.11.0
[0m00:38:59.739933 [debug] [MainThread]: Acquiring new postgres connection 'debug'
[0m00:38:59.779260 [debug] [MainThread]: Using postgres connection "debug"
[0m00:38:59.779260 [debug] [MainThread]: On debug: select 1 as id
[0m00:38:59.780270 [debug] [MainThread]: Opening a new connection, currently in state init
[0m00:38:59.800125 [debug] [MainThread]: SQL status: SELECT 1 in 0.020 seconds
[0m00:38:59.801092 [debug] [MainThread]: On debug: Close
[0m00:38:59.801092 [info ] [MainThread]:   Connection test: [[32mOK connection ok[0m]

[0m00:38:59.801092 [info ] [MainThread]: [32mAll checks passed![0m
[0m00:38:59.802604 [info ] [MainThread]: Your new dbt project "retail_erp" was created!
Initialized new project in E:\Data Engineering\retail_erp_dbt\retail_erp_project\dbt\retail_erp\retail_erp

For more information on how to configure the profiles.yml file,
please consult the dbt documentation here:

  https://docs.getdbt.com/docs/configure-your-profile

One more thing:

Need help? Don't hesitate to reach out to us via GitHub issues or on Slack:

  https://community.getdbt.com/

Happy modeling!

[0m00:38:59.803613 [debug] [MainThread]: Command `dbt init` succeeded at 00:38:59.803613 after 91.15 seconds
[0m00:38:59.803613 [debug] [MainThread]: Connection 'debug' was properly closed.
[0m00:38:59.803613 [debug] [MainThread]: Sending event: {'category': 'dbt', 'action': 'invocation', 'label': 'end', 'context': [<snowplow_tracker.self_describing_json.SelfDescribingJson object at 0x0000019011791BB0>, <snowplow_tracker.self_describing_json.SelfDescribingJson object at 0x000001901640AF60>, <snowplow_tracker.self_describing_json.SelfDescribingJson object at 0x00000190142836E0>]}
[0m00:38:59.876632 [debug] [MainThread]: Flushing usage events
[0m00:39:01.245594 [debug] [MainThread]: An error was encountered while trying to flush usage events
